<html>
<body>
<pre>
<h1>µVision Build Log</h1>
<h2>Tool Versions:</h2>
IDE-Version: µVision V5.29.0.0
Copyright (C) 2019 ARM Ltd and ARM Germany GmbH. All rights reserved.
License Information: Steve Huguenin-Elie, Haute ecole Arc Engineering, LIC=----
 
Tool Versions:
Toolchain:       MDK-Lite  Version: 5.29.0.0
Toolchain Path:  C:\ProgramData\Keil_v5\ARM\ARMCLANG\Bin
C Compiler:      ArmClang.exe V6.13.1
Assembler:       Armasm.exe V6.13.1
Linker/Locator:  ArmLink.exe V6.13.1
Library Manager: ArmAr.exe V6.13.1
Hex Converter:   FromElf.exe V6.13.1
CPU DLL:         SARMCM3.DLL V5.29.0.0
Dialog DLL:      DARMCM1.DLL V1.19.2.0
Target DLL:      UL2CM3.DLL V1.163.0.0
Dialog DLL:      TARMCM1.DLL V1.14.1.0
 
<h2>Project:</h2>
C:\Users\steve.huguenin\Projects\Embedded\Laboratoire 7\Laboratoire 7.uvprojx
Project File Date:  03/16/2020

<h2>Output:</h2>
*** Using Compiler 'V6.13.1', folder: 'C:\ProgramData\Keil_v5\ARM\ARMCLANG\Bin'
Rebuild target 'Target 1'
compiling iCpu.c...
compiling iPit.c...
compiling iDio.c...
compiling mCpu.c...
compiling mDelay.c...
compiling main.c...
compiling mLeds.c...
compiling mLcd.c...
compiling mSwitch.c...
assembling startup_MKL46Z4.s...
compiling system_MKL46Z4.c...
linking...
.\Objects\Laboratoire 7.axf: Warning: L6914W: option ro-base ignored when using --scatter.
.\Objects\Laboratoire 7.axf: Warning: L6914W: option rw-base ignored when using --scatter.
.\Objects\Laboratoire 7.axf: Warning: L6340W: options first and last are ignored for link type of scattered
Program Size: Code=2612 RO-data=224 RW-data=0 ZI-data=2156  
Finished: 0 information, 3 warning and 0 error messages.
".\Objects\Laboratoire 7.axf" - 0 Error(s), 3 Warning(s).

<h2>Software Packages used:</h2>

Package Vendor: ARM
                http://www.keil.com/pack/ARM.CMSIS.5.6.0.pack
                ARM.CMSIS.5.6.0
                CMSIS (Cortex Microcontroller Software Interface Standard)
   * Component: CORE Version: 5.3.0

Package Vendor: NXP
                http://mcuxpresso.nxp.com/cmsis_pack/repo/NXP.MKL46Z4_DFP.10.0.3.pack
                NXP.MKL46Z4_DFP.10.0.3
                Device Family Pack for MKL46Z4
   * Component: Startup Version: 1.0.0

<h2>Collection of Component include folders:</h2>
  .\RTE\Device\MKL46Z256VLL4
  .\RTE\_Target_1
  C:\ProgramData\Arm\Packs\ARM\CMSIS\5.6.0\CMSIS\Core\Include

<h2>Collection of Component Files used:</h2>

   * Component: ARM::CMSIS:CORE:5.3.0

   * Component: NXP::Device:Startup:1.0.0
      Include file:  fsl_device_registers.h
      Include file:  MKL46Z4_features.h
      Include file:  MKL46Z4.h
      Source file:   arm\startup_MKL46Z4.s
      Source file:   system_MKL46Z4.c
      Include file:  system_MKL46Z4.h
Build Time Elapsed:  00:00:06
</pre>
</body>
</html>
